[js-css-portfolio-project.vercel.app/index.html]
[backblue.gif]
[fade.gif]
[index.html]
[js-css-portfolio-project.vercel.app/styles/styles.css]
[cdnjs.cloudflare.com/ajax/libs/font-awesome/5.15.4/css/all.min.css]
[fonts.googleapis.com/index.html]
[js-css-portfolio-project.vercel.app/img/hero.png]
[js-css-portfolio-project.vercel.app/img/port1.jpg]
[js-css-portfolio-project.vercel.app/img/port2.jpg]
[js-css-portfolio-project.vercel.app/img/port3.jpg]
[js-css-portfolio-project.vercel.app/img/port4.jpg]
[js-css-portfolio-project.vercel.app/img/port5.jpg]
[js-css-portfolio-project.vercel.app/img/port7.jpg]
[js-css-portfolio-project.vercel.app/img/port6.jpg]
[js-css-portfolio-project.vercel.app/img/blog1.jpg]
[js-css-portfolio-project.vercel.app/img/blog2.jpg]
[js-css-portfolio-project.vercel.app/img/blog3.jpg]
[js-css-portfolio-project.vercel.app/www.facebook.com]
[js-css-portfolio-project.vercel.app/app.js]
[js-css-portfolio-project.vercel.app/index.html]
[js-css-portfolio-project.vercel.app/styles/styles.css]
[fonts.googleapis.com/index.html]
[fonts.gstatic.com/index.html]
[cdnjs.cloudflare.com/ajax/libs/font-awesome/5.15.4/webfonts/fa-brands-400.svg]
[cdnjs.cloudflare.com/ajax/libs/font-awesome/5.15.4/webfonts/fa-regular-400.svg]
[cdnjs.cloudflare.com/ajax/libs/font-awesome/5.15.4/css/all.min.css]
[fonts.googleapis.com/css27e83.css]
[js-css-portfolio-project.vercel.app/www.facebook.html]
[cdnjs.cloudflare.com/ajax/libs/font-awesome/5.15.4/webfonts/fa-brands-400.svg]
[cdnjs.cloudflare.com/ajax/libs/font-awesome/5.15.4/webfonts/fa-regular-400.svg]
[cdnjs.cloudflare.com/ajax/libs/font-awesome/5.15.4/webfonts/fa-solid-900.svg]
[cdnjs.cloudflare.com/ajax/libs/font-awesome/5.15.4/webfonts/fa-solid-900.svg]
